// Jest Snapshot v1, https://goo.gl/fbAQLP

exports[`Form matches snapshot 1`] = `ShallowWrapper {}`;
